C51 COMPILER V9.01   U8G2_D_MEMORY                                                         04/30/2021 10:55:17 PAGE 1   


C51 COMPILER V9.01, COMPILATION OF MODULE U8G2_D_MEMORY
OBJECT MODULE PLACED IN .\Objects\u8g2_d_memory.obj
COMPILER INVOKED BY: D:\Keil_v5\C51\BIN\C51.EXE ..\u8g2\csrc\u8g2_d_memory.c LARGE WARNINGLEVEL(1) OPTIMIZE(8,SPEED) BRO
                    -WSE INCDIR(..\USER;..\SYS;..\BSP\BSP_485;..\BSP\BSP_ADC;..\BSP\BSP_KEY;..\BSP\BSP_OLED_IIC;..\APP) DEBUG OBJECTEXTEND PR
                    -INT(.\Listings\u8g2_d_memory.lst) TABS(2) OBJECT(.\Objects\u8g2_d_memory.obj)

line level    source

   1          /* u8g2_d_memory.c */
   2          /* generated code, codebuild, u8g2 project */
   3          
   4          #include "u8g2.h"
*** ERROR C141 IN LINE 600 OF ..\U8G2\CSRC\U8X8.H: syntax error near ')'
*** ERROR C141 IN LINE 632 OF ..\U8G2\CSRC\U8X8.H: syntax error near ')'
*** ERROR C141 IN LINE 663 OF ..\U8G2\CSRC\U8X8.H: syntax error near ')'
   5          
   6          uint8_t *u8g2_m_16_4_1(uint8_t *page_cnt)
   7          {
   8   1        #ifdef U8G2_USE_DYNAMIC_ALLOC
                *page_cnt = 1;
                return 0;
                #else
  12   1        static uint8_t buf[128];
  13   1        *page_cnt = 1;
  14   1        return buf;
  15   1        #endif
  16   1      }
  17          uint8_t *u8g2_m_16_4_2(uint8_t *page_cnt)
  18          {
  19   1        #ifdef U8G2_USE_DYNAMIC_ALLOC
                *page_cnt = 2;
                return 0;
                #else
  23   1        static uint8_t buf[256];
  24   1        *page_cnt = 2;
  25   1        return buf;
  26   1        #endif
  27   1      }
  28          uint8_t *u8g2_m_16_4_f(uint8_t *page_cnt)
  29          {
  30   1        #ifdef U8G2_USE_DYNAMIC_ALLOC
                *page_cnt = 4;
                return 0;
                #else
  34   1        static uint8_t buf[512];
  35   1        *page_cnt = 4;
  36   1        return buf;
  37   1        #endif
  38   1      }
  39          uint8_t *u8g2_m_16_8_1(uint8_t *page_cnt)
  40          {
  41   1        #ifdef U8G2_USE_DYNAMIC_ALLOC
                *page_cnt = 1;
                return 0;
                #else
  45   1        static uint8_t buf[128];
  46   1        *page_cnt = 1;
  47   1        return buf;
  48   1        #endif
  49   1      }
  50          uint8_t *u8g2_m_16_8_2(uint8_t *page_cnt)
C51 COMPILER V9.01   U8G2_D_MEMORY                                                         04/30/2021 10:55:17 PAGE 2   

  51          {
  52   1        #ifdef U8G2_USE_DYNAMIC_ALLOC
                *page_cnt = 2;
                return 0;
                #else
  56   1        static uint8_t buf[256];
  57   1        *page_cnt = 2;
  58   1        return buf;
  59   1        #endif
  60   1      }
  61          uint8_t *u8g2_m_16_8_f(uint8_t *page_cnt)
  62          {
  63   1        #ifdef U8G2_USE_DYNAMIC_ALLOC
                *page_cnt = 8;
                return 0;
                #else
  67   1        static uint8_t buf[1024];
  68   1        *page_cnt = 8;
  69   1        return buf;
  70   1        #endif
  71   1      }
  72          uint8_t *u8g2_m_9_5_1(uint8_t *page_cnt)
  73          {
  74   1        #ifdef U8G2_USE_DYNAMIC_ALLOC
                *page_cnt = 1;
                return 0;
                #else
  78   1        static uint8_t buf[72];
  79   1        *page_cnt = 1;
  80   1        return buf;
  81   1        #endif
  82   1      }
  83          uint8_t *u8g2_m_9_5_2(uint8_t *page_cnt)
  84          {
  85   1        #ifdef U8G2_USE_DYNAMIC_ALLOC
                *page_cnt = 2;
                return 0;
                #else
  89   1        static uint8_t buf[144];
  90   1        *page_cnt = 2;
  91   1        return buf;
  92   1        #endif
  93   1      }
  94          uint8_t *u8g2_m_9_5_f(uint8_t *page_cnt)
  95          {
  96   1        #ifdef U8G2_USE_DYNAMIC_ALLOC
                *page_cnt = 5;
                return 0;
                #else
 100   1        static uint8_t buf[360];
 101   1        *page_cnt = 5;
 102   1        return buf;
 103   1        #endif
 104   1      }
 105          uint8_t *u8g2_m_8_4_1(uint8_t *page_cnt)
 106          {
 107   1        #ifdef U8G2_USE_DYNAMIC_ALLOC
                *page_cnt = 1;
                return 0;
                #else
 111   1        static uint8_t buf[64];
 112   1        *page_cnt = 1;
C51 COMPILER V9.01   U8G2_D_MEMORY                                                         04/30/2021 10:55:17 PAGE 3   

 113   1        return buf;
 114   1        #endif
 115   1      }
 116          uint8_t *u8g2_m_8_4_2(uint8_t *page_cnt)
 117          {
 118   1        #ifdef U8G2_USE_DYNAMIC_ALLOC
                *page_cnt = 2;
                return 0;
                #else
 122   1        static uint8_t buf[128];
 123   1        *page_cnt = 2;
 124   1        return buf;
 125   1        #endif
 126   1      }
 127          uint8_t *u8g2_m_8_4_f(uint8_t *page_cnt)
 128          {
 129   1        #ifdef U8G2_USE_DYNAMIC_ALLOC
                *page_cnt = 4;
                return 0;
                #else
 133   1        static uint8_t buf[256];
 134   1        *page_cnt = 4;
 135   1        return buf;
 136   1        #endif
 137   1      }
 138          uint8_t *u8g2_m_8_16_1(uint8_t *page_cnt)
 139          {
 140   1        #ifdef U8G2_USE_DYNAMIC_ALLOC
                *page_cnt = 1;
                return 0;
                #else
 144   1        static uint8_t buf[64];
 145   1        *page_cnt = 1;
 146   1        return buf;
 147   1        #endif
 148   1      }
 149          uint8_t *u8g2_m_8_16_2(uint8_t *page_cnt)
 150          {
 151   1        #ifdef U8G2_USE_DYNAMIC_ALLOC
                *page_cnt = 2;
                return 0;
                #else
 155   1        static uint8_t buf[128];
 156   1        *page_cnt = 2;
 157   1        return buf;
 158   1        #endif
 159   1      }
 160          uint8_t *u8g2_m_8_16_f(uint8_t *page_cnt)
 161          {
 162   1        #ifdef U8G2_USE_DYNAMIC_ALLOC
                *page_cnt = 16;
                return 0;
                #else
 166   1        static uint8_t buf[1024];
 167   1        *page_cnt = 16;
 168   1        return buf;
 169   1        #endif
 170   1      }
 171          uint8_t *u8g2_m_12_12_1(uint8_t *page_cnt)
 172          {
 173   1        #ifdef U8G2_USE_DYNAMIC_ALLOC
                *page_cnt = 1;
C51 COMPILER V9.01   U8G2_D_MEMORY                                                         04/30/2021 10:55:17 PAGE 4   

                return 0;
                #else
 177   1        static uint8_t buf[96];
 178   1        *page_cnt = 1;
 179   1        return buf;
 180   1        #endif
 181   1      }
 182          uint8_t *u8g2_m_12_12_2(uint8_t *page_cnt)
 183          {
 184   1        #ifdef U8G2_USE_DYNAMIC_ALLOC
                *page_cnt = 2;
                return 0;
                #else
 188   1        static uint8_t buf[192];
 189   1        *page_cnt = 2;
 190   1        return buf;
 191   1        #endif
 192   1      }
 193          uint8_t *u8g2_m_12_12_f(uint8_t *page_cnt)
 194          {
 195   1        #ifdef U8G2_USE_DYNAMIC_ALLOC
                *page_cnt = 12;
                return 0;
                #else
 199   1        static uint8_t buf[1152];
 200   1        *page_cnt = 12;
 201   1        return buf;
 202   1        #endif
 203   1      }
 204          uint8_t *u8g2_m_16_16_1(uint8_t *page_cnt)
 205          {
 206   1        #ifdef U8G2_USE_DYNAMIC_ALLOC
                *page_cnt = 1;
                return 0;
                #else
 210   1        static uint8_t buf[128];
 211   1        *page_cnt = 1;
 212   1        return buf;
 213   1        #endif
 214   1      }
 215          uint8_t *u8g2_m_16_16_2(uint8_t *page_cnt)
 216          {
 217   1        #ifdef U8G2_USE_DYNAMIC_ALLOC
                *page_cnt = 2;
                return 0;
                #else
 221   1        static uint8_t buf[256];
 222   1        *page_cnt = 2;
 223   1        return buf;
 224   1        #endif
 225   1      }
 226          uint8_t *u8g2_m_16_16_f(uint8_t *page_cnt)
 227          {
 228   1        #ifdef U8G2_USE_DYNAMIC_ALLOC
                *page_cnt = 16;
                return 0;
                #else
 232   1        static uint8_t buf[2048];
 233   1        *page_cnt = 16;
 234   1        return buf;
 235   1        #endif
 236   1      }
C51 COMPILER V9.01   U8G2_D_MEMORY                                                         04/30/2021 10:55:17 PAGE 5   

 237          uint8_t *u8g2_m_20_20_1(uint8_t *page_cnt)
 238          {
 239   1        #ifdef U8G2_USE_DYNAMIC_ALLOC
                *page_cnt = 1;
                return 0;
                #else
 243   1        static uint8_t buf[160];
 244   1        *page_cnt = 1;
 245   1        return buf;
 246   1        #endif
 247   1      }
 248          uint8_t *u8g2_m_20_20_2(uint8_t *page_cnt)
 249          {
 250   1        #ifdef U8G2_USE_DYNAMIC_ALLOC
                *page_cnt = 2;
                return 0;
                #else
 254   1        static uint8_t buf[320];
 255   1        *page_cnt = 2;
 256   1        return buf;
 257   1        #endif
 258   1      }
 259          uint8_t *u8g2_m_20_20_f(uint8_t *page_cnt)
 260          {
 261   1        #ifdef U8G2_USE_DYNAMIC_ALLOC
                *page_cnt = 20;
                return 0;
                #else
 265   1        static uint8_t buf[3200];
 266   1        *page_cnt = 20;
 267   1        return buf;
 268   1        #endif
 269   1      }
 270          uint8_t *u8g2_m_32_8_1(uint8_t *page_cnt)
 271          {
 272   1        #ifdef U8G2_USE_DYNAMIC_ALLOC
                *page_cnt = 1;
                return 0;
                #else
 276   1        static uint8_t buf[256];
 277   1        *page_cnt = 1;
 278   1        return buf;
 279   1        #endif
 280   1      }
 281          uint8_t *u8g2_m_32_8_2(uint8_t *page_cnt)
 282          {
 283   1        #ifdef U8G2_USE_DYNAMIC_ALLOC
                *page_cnt = 2;
                return 0;
                #else
 287   1        static uint8_t buf[512];
 288   1        *page_cnt = 2;
 289   1        return buf;
 290   1        #endif
 291   1      }
 292          uint8_t *u8g2_m_32_8_f(uint8_t *page_cnt)
 293          {
 294   1        #ifdef U8G2_USE_DYNAMIC_ALLOC
                *page_cnt = 8;
                return 0;
                #else
 298   1        static uint8_t buf[2048];
C51 COMPILER V9.01   U8G2_D_MEMORY                                                         04/30/2021 10:55:17 PAGE 6   

 299   1        *page_cnt = 8;
 300   1        return buf;
 301   1        #endif
 302   1      }
 303          uint8_t *u8g2_m_8_6_1(uint8_t *page_cnt)
 304          {
 305   1        #ifdef U8G2_USE_DYNAMIC_ALLOC
                *page_cnt = 1;
                return 0;
                #else
 309   1        static uint8_t buf[64];
 310   1        *page_cnt = 1;
 311   1        return buf;
 312   1        #endif
 313   1      }
 314          uint8_t *u8g2_m_8_6_2(uint8_t *page_cnt)
 315          {
 316   1        #ifdef U8G2_USE_DYNAMIC_ALLOC
                *page_cnt = 2;
                return 0;
                #else
 320   1        static uint8_t buf[128];
 321   1        *page_cnt = 2;
 322   1        return buf;
 323   1        #endif
 324   1      }
 325          uint8_t *u8g2_m_8_6_f(uint8_t *page_cnt)
 326          {
 327   1        #ifdef U8G2_USE_DYNAMIC_ALLOC
                *page_cnt = 6;
                return 0;
                #else
 331   1        static uint8_t buf[384];
 332   1        *page_cnt = 6;
 333   1        return buf;
 334   1        #endif
 335   1      }
 336          uint8_t *u8g2_m_6_8_1(uint8_t *page_cnt)
 337          {
 338   1        #ifdef U8G2_USE_DYNAMIC_ALLOC
                *page_cnt = 1;
                return 0;
                #else
 342   1        static uint8_t buf[48];
 343   1        *page_cnt = 1;
 344   1        return buf;
 345   1        #endif
 346   1      }
 347          uint8_t *u8g2_m_6_8_2(uint8_t *page_cnt)
 348          {
 349   1        #ifdef U8G2_USE_DYNAMIC_ALLOC
                *page_cnt = 2;
                return 0;
                #else
 353   1        static uint8_t buf[96];
 354   1        *page_cnt = 2;
 355   1        return buf;
 356   1        #endif
 357   1      }
 358          uint8_t *u8g2_m_6_8_f(uint8_t *page_cnt)
 359          {
 360   1        #ifdef U8G2_USE_DYNAMIC_ALLOC
C51 COMPILER V9.01   U8G2_D_MEMORY                                                         04/30/2021 10:55:17 PAGE 7   

                *page_cnt = 8;
                return 0;
                #else
 364   1        static uint8_t buf[384];
 365   1        *page_cnt = 8;
 366   1        return buf;
 367   1        #endif
 368   1      }
 369          uint8_t *u8g2_m_12_2_1(uint8_t *page_cnt)
 370          {
 371   1        #ifdef U8G2_USE_DYNAMIC_ALLOC
                *page_cnt = 1;
                return 0;
                #else
 375   1        static uint8_t buf[96];
 376   1        *page_cnt = 1;
 377   1        return buf;
 378   1        #endif
 379   1      }
 380          uint8_t *u8g2_m_12_2_2(uint8_t *page_cnt)
 381          {
 382   1        #ifdef U8G2_USE_DYNAMIC_ALLOC
                *page_cnt = 2;
                return 0;
                #else
 386   1        static uint8_t buf[192];
 387   1        *page_cnt = 2;
 388   1        return buf;
 389   1        #endif
 390   1      }
 391          uint8_t *u8g2_m_12_2_f(uint8_t *page_cnt)
 392          {
 393   1        #ifdef U8G2_USE_DYNAMIC_ALLOC
                *page_cnt = 2;
                return 0;
                #else
 397   1        static uint8_t buf[192];
 398   1        *page_cnt = 2;
 399   1        return buf;
 400   1        #endif
 401   1      }
 402          uint8_t *u8g2_m_16_12_1(uint8_t *page_cnt)
 403          {
 404   1        #ifdef U8G2_USE_DYNAMIC_ALLOC
                *page_cnt = 1;
                return 0;
                #else
 408   1        static uint8_t buf[128];
 409   1        *page_cnt = 1;
 410   1        return buf;
 411   1        #endif
 412   1      }
 413          uint8_t *u8g2_m_16_12_2(uint8_t *page_cnt)
 414          {
 415   1        #ifdef U8G2_USE_DYNAMIC_ALLOC
                *page_cnt = 2;
                return 0;
                #else
 419   1        static uint8_t buf[256];
 420   1        *page_cnt = 2;
 421   1        return buf;
 422   1        #endif
C51 COMPILER V9.01   U8G2_D_MEMORY                                                         04/30/2021 10:55:17 PAGE 8   

 423   1      }
 424          uint8_t *u8g2_m_16_12_f(uint8_t *page_cnt)
 425          {
 426   1        #ifdef U8G2_USE_DYNAMIC_ALLOC
                *page_cnt = 12;
                return 0;
                #else
 430   1        static uint8_t buf[1536];
 431   1        *page_cnt = 12;
 432   1        return buf;
 433   1        #endif
 434   1      }
 435          uint8_t *u8g2_m_32_4_1(uint8_t *page_cnt)
 436          {
 437   1        #ifdef U8G2_USE_DYNAMIC_ALLOC
                *page_cnt = 1;
                return 0;
                #else
 441   1        static uint8_t buf[256];
 442   1        *page_cnt = 1;
 443   1        return buf;
 444   1        #endif
 445   1      }
 446          uint8_t *u8g2_m_32_4_2(uint8_t *page_cnt)
 447          {
 448   1        #ifdef U8G2_USE_DYNAMIC_ALLOC
                *page_cnt = 2;
                return 0;
                #else
 452   1        static uint8_t buf[512];
 453   1        *page_cnt = 2;
 454   1        return buf;
 455   1        #endif
 456   1      }
 457          uint8_t *u8g2_m_32_4_f(uint8_t *page_cnt)
 458          {
 459   1        #ifdef U8G2_USE_DYNAMIC_ALLOC
                *page_cnt = 4;
                return 0;
                #else
 463   1        static uint8_t buf[1024];
 464   1        *page_cnt = 4;
 465   1        return buf;
 466   1        #endif
 467   1      }
 468          uint8_t *u8g2_m_12_8_1(uint8_t *page_cnt)
 469          {
 470   1        #ifdef U8G2_USE_DYNAMIC_ALLOC
                *page_cnt = 1;
                return 0;
                #else
 474   1        static uint8_t buf[96];
 475   1        *page_cnt = 1;
 476   1        return buf;
 477   1        #endif
 478   1      }
 479          uint8_t *u8g2_m_12_8_2(uint8_t *page_cnt)
 480          {
 481   1        #ifdef U8G2_USE_DYNAMIC_ALLOC
                *page_cnt = 2;
                return 0;
                #else
C51 COMPILER V9.01   U8G2_D_MEMORY                                                         04/30/2021 10:55:17 PAGE 9   

 485   1        static uint8_t buf[192];
 486   1        *page_cnt = 2;
 487   1        return buf;
 488   1        #endif
 489   1      }
 490          uint8_t *u8g2_m_12_8_f(uint8_t *page_cnt)
 491          {
 492   1        #ifdef U8G2_USE_DYNAMIC_ALLOC
                *page_cnt = 8;
                return 0;
                #else
 496   1        static uint8_t buf[768];
 497   1        *page_cnt = 8;
 498   1        return buf;
 499   1        #endif
 500   1      }
 501          uint8_t *u8g2_m_24_4_1(uint8_t *page_cnt)
 502          {
 503   1        #ifdef U8G2_USE_DYNAMIC_ALLOC
                *page_cnt = 1;
                return 0;
                #else
 507   1        static uint8_t buf[192];
 508   1        *page_cnt = 1;
 509   1        return buf;
 510   1        #endif
 511   1      }
 512          uint8_t *u8g2_m_24_4_2(uint8_t *page_cnt)
 513          {
 514   1        #ifdef U8G2_USE_DYNAMIC_ALLOC
                *page_cnt = 2;
                return 0;
                #else
 518   1        static uint8_t buf[384];
 519   1        *page_cnt = 2;
 520   1        return buf;
 521   1        #endif
 522   1      }
 523          uint8_t *u8g2_m_24_4_f(uint8_t *page_cnt)
 524          {
 525   1        #ifdef U8G2_USE_DYNAMIC_ALLOC
                *page_cnt = 4;
                return 0;
                #else
 529   1        static uint8_t buf[768];
 530   1        *page_cnt = 4;
 531   1        return buf;
 532   1        #endif
 533   1      }
 534          uint8_t *u8g2_m_50_30_1(uint8_t *page_cnt)
 535          {
 536   1        #ifdef U8G2_USE_DYNAMIC_ALLOC
                *page_cnt = 1;
                return 0;
                #else
 540   1        static uint8_t buf[400];
 541   1        *page_cnt = 1;
 542   1        return buf;
 543   1        #endif
 544   1      }
 545          uint8_t *u8g2_m_50_30_2(uint8_t *page_cnt)
 546          {
C51 COMPILER V9.01   U8G2_D_MEMORY                                                         04/30/2021 10:55:17 PAGE 10  

 547   1        #ifdef U8G2_USE_DYNAMIC_ALLOC
                *page_cnt = 2;
                return 0;
                #else
 551   1        static uint8_t buf[800];
 552   1        *page_cnt = 2;
 553   1        return buf;
 554   1        #endif
 555   1      }
 556          uint8_t *u8g2_m_50_30_f(uint8_t *page_cnt)
 557          {
 558   1        #ifdef U8G2_USE_DYNAMIC_ALLOC
                *page_cnt = 30;
                return 0;
                #else
 562   1        static uint8_t buf[12000];
 563   1        *page_cnt = 30;
 564   1        return buf;
 565   1        #endif
 566   1      }
 567          uint8_t *u8g2_m_18_21_1(uint8_t *page_cnt)
 568          {
 569   1        #ifdef U8G2_USE_DYNAMIC_ALLOC
                *page_cnt = 1;
                return 0;
                #else
 573   1        static uint8_t buf[144];
 574   1        *page_cnt = 1;
 575   1        return buf;
 576   1        #endif
 577   1      }
 578          uint8_t *u8g2_m_18_21_2(uint8_t *page_cnt)
 579          {
 580   1        #ifdef U8G2_USE_DYNAMIC_ALLOC
                *page_cnt = 2;
                return 0;
                #else
 584   1        static uint8_t buf[288];
 585   1        *page_cnt = 2;
 586   1        return buf;
 587   1        #endif
 588   1      }
 589          uint8_t *u8g2_m_18_21_f(uint8_t *page_cnt)
 590          {
 591   1        #ifdef U8G2_USE_DYNAMIC_ALLOC
                *page_cnt = 21;
                return 0;
                #else
 595   1        static uint8_t buf[3024];
 596   1        *page_cnt = 21;
 597   1        return buf;
 598   1        #endif
 599   1      }
 600          uint8_t *u8g2_m_13_8_1(uint8_t *page_cnt)
 601          {
 602   1        #ifdef U8G2_USE_DYNAMIC_ALLOC
                *page_cnt = 1;
                return 0;
                #else
 606   1        static uint8_t buf[104];
 607   1        *page_cnt = 1;
 608   1        return buf;
C51 COMPILER V9.01   U8G2_D_MEMORY                                                         04/30/2021 10:55:17 PAGE 11  

 609   1        #endif
 610   1      }
 611          uint8_t *u8g2_m_13_8_2(uint8_t *page_cnt)
 612          {
 613   1        #ifdef U8G2_USE_DYNAMIC_ALLOC
                *page_cnt = 2;
                return 0;
                #else
 617   1        static uint8_t buf[208];
 618   1        *page_cnt = 2;
 619   1        return buf;
 620   1        #endif
 621   1      }
 622          uint8_t *u8g2_m_13_8_f(uint8_t *page_cnt)
 623          {
 624   1        #ifdef U8G2_USE_DYNAMIC_ALLOC
                *page_cnt = 8;
                return 0;
                #else
 628   1        static uint8_t buf[832];
 629   1        *page_cnt = 8;
 630   1        return buf;
 631   1        #endif
 632   1      }
 633          uint8_t *u8g2_m_11_6_1(uint8_t *page_cnt)
 634          {
 635   1        #ifdef U8G2_USE_DYNAMIC_ALLOC
                *page_cnt = 1;
                return 0;
                #else
 639   1        static uint8_t buf[88];
 640   1        *page_cnt = 1;
 641   1        return buf;
 642   1        #endif
 643   1      }
 644          uint8_t *u8g2_m_11_6_2(uint8_t *page_cnt)
 645          {
 646   1        #ifdef U8G2_USE_DYNAMIC_ALLOC
                *page_cnt = 2;
                return 0;
                #else
 650   1        static uint8_t buf[176];
 651   1        *page_cnt = 2;
 652   1        return buf;
 653   1        #endif
 654   1      }
 655          uint8_t *u8g2_m_11_6_f(uint8_t *page_cnt)
 656          {
 657   1        #ifdef U8G2_USE_DYNAMIC_ALLOC
                *page_cnt = 6;
                return 0;
                #else
 661   1        static uint8_t buf[528];
 662   1        *page_cnt = 6;
 663   1        return buf;
 664   1        #endif
 665   1      }
 666          uint8_t *u8g2_m_12_9_1(uint8_t *page_cnt)
 667          {
 668   1        #ifdef U8G2_USE_DYNAMIC_ALLOC
                *page_cnt = 1;
                return 0;
C51 COMPILER V9.01   U8G2_D_MEMORY                                                         04/30/2021 10:55:17 PAGE 12  

                #else
 672   1        static uint8_t buf[96];
 673   1        *page_cnt = 1;
 674   1        return buf;
 675   1        #endif
 676   1      }
 677          uint8_t *u8g2_m_12_9_2(uint8_t *page_cnt)
 678          {
 679   1        #ifdef U8G2_USE_DYNAMIC_ALLOC
                *page_cnt = 2;
                return 0;
                #else
 683   1        static uint8_t buf[192];
 684   1        *page_cnt = 2;
 685   1        return buf;
 686   1        #endif
 687   1      }
 688          uint8_t *u8g2_m_12_9_f(uint8_t *page_cnt)
 689          {
 690   1        #ifdef U8G2_USE_DYNAMIC_ALLOC
                *page_cnt = 9;
                return 0;
                #else
 694   1        static uint8_t buf[864];
 695   1        *page_cnt = 9;
 696   1        return buf;
 697   1        #endif
 698   1      }
 699          uint8_t *u8g2_m_24_8_1(uint8_t *page_cnt)
 700          {
 701   1        #ifdef U8G2_USE_DYNAMIC_ALLOC
                *page_cnt = 1;
                return 0;
                #else
 705   1        static uint8_t buf[192];
 706   1        *page_cnt = 1;
 707   1        return buf;
 708   1        #endif
 709   1      }
 710          uint8_t *u8g2_m_24_8_2(uint8_t *page_cnt)
 711          {
 712   1        #ifdef U8G2_USE_DYNAMIC_ALLOC
                *page_cnt = 2;
                return 0;
                #else
 716   1        static uint8_t buf[384];
 717   1        *page_cnt = 2;
 718   1        return buf;
 719   1        #endif
 720   1      }
 721          uint8_t *u8g2_m_24_8_f(uint8_t *page_cnt)
 722          {
 723   1        #ifdef U8G2_USE_DYNAMIC_ALLOC
                *page_cnt = 8;
                return 0;
                #else
 727   1        static uint8_t buf[1536];
 728   1        *page_cnt = 8;
 729   1        return buf;
 730   1        #endif
 731   1      }
 732          uint8_t *u8g2_m_30_8_1(uint8_t *page_cnt)
C51 COMPILER V9.01   U8G2_D_MEMORY                                                         04/30/2021 10:55:17 PAGE 13  

 733          {
 734   1        #ifdef U8G2_USE_DYNAMIC_ALLOC
                *page_cnt = 1;
                return 0;
                #else
 738   1        static uint8_t buf[240];
 739   1        *page_cnt = 1;
 740   1        return buf;
 741   1        #endif
 742   1      }
 743          uint8_t *u8g2_m_30_8_2(uint8_t *page_cnt)
 744          {
 745   1        #ifdef U8G2_USE_DYNAMIC_ALLOC
                *page_cnt = 2;
                return 0;
                #else
 749   1        static uint8_t buf[480];
 750   1        *page_cnt = 2;
 751   1        return buf;
 752   1        #endif
 753   1      }
 754          uint8_t *u8g2_m_30_8_f(uint8_t *page_cnt)
 755          {
 756   1        #ifdef U8G2_USE_DYNAMIC_ALLOC
                *page_cnt = 8;
                return 0;
                #else
 760   1        static uint8_t buf[1920];
 761   1        *page_cnt = 8;
 762   1        return buf;
 763   1        #endif
 764   1      }
 765          uint8_t *u8g2_m_30_15_1(uint8_t *page_cnt)
 766          {
 767   1        #ifdef U8G2_USE_DYNAMIC_ALLOC
                *page_cnt = 1;
                return 0;
                #else
 771   1        static uint8_t buf[240];
 772   1        *page_cnt = 1;
 773   1        return buf;
 774   1        #endif
 775   1      }
 776          uint8_t *u8g2_m_30_15_2(uint8_t *page_cnt)
 777          {
 778   1        #ifdef U8G2_USE_DYNAMIC_ALLOC
                *page_cnt = 2;
                return 0;
                #else
 782   1        static uint8_t buf[480];
 783   1        *page_cnt = 2;
 784   1        return buf;
 785   1        #endif
 786   1      }
 787          uint8_t *u8g2_m_30_15_f(uint8_t *page_cnt)
 788          {
 789   1        #ifdef U8G2_USE_DYNAMIC_ALLOC
                *page_cnt = 15;
                return 0;
                #else
 793   1        static uint8_t buf[3600];
 794   1        *page_cnt = 15;
C51 COMPILER V9.01   U8G2_D_MEMORY                                                         04/30/2021 10:55:17 PAGE 14  

 795   1        return buf;
 796   1        #endif
 797   1      }
 798          uint8_t *u8g2_m_30_16_1(uint8_t *page_cnt)
 799          {
 800   1        #ifdef U8G2_USE_DYNAMIC_ALLOC
                *page_cnt = 1;
                return 0;
                #else
 804   1        static uint8_t buf[240];
 805   1        *page_cnt = 1;
 806   1        return buf;
 807   1        #endif
 808   1      }
 809          uint8_t *u8g2_m_30_16_2(uint8_t *page_cnt)
 810          {
 811   1        #ifdef U8G2_USE_DYNAMIC_ALLOC
                *page_cnt = 2;
                return 0;
                #else
 815   1        static uint8_t buf[480];
 816   1        *page_cnt = 2;
 817   1        return buf;
 818   1        #endif
 819   1      }
 820          uint8_t *u8g2_m_30_16_f(uint8_t *page_cnt)
 821          {
 822   1        #ifdef U8G2_USE_DYNAMIC_ALLOC
                *page_cnt = 16;
                return 0;
                #else
 826   1        static uint8_t buf[3840];
 827   1        *page_cnt = 16;
 828   1        return buf;
 829   1        #endif
 830   1      }
 831          uint8_t *u8g2_m_20_16_1(uint8_t *page_cnt)
 832          {
 833   1        #ifdef U8G2_USE_DYNAMIC_ALLOC
                *page_cnt = 1;
                return 0;
                #else
 837   1        static uint8_t buf[160];
 838   1        *page_cnt = 1;
 839   1        return buf;
 840   1        #endif
 841   1      }
 842          uint8_t *u8g2_m_20_16_2(uint8_t *page_cnt)
 843          {
 844   1        #ifdef U8G2_USE_DYNAMIC_ALLOC
                *page_cnt = 2;
                return 0;
                #else
 848   1        static uint8_t buf[320];
 849   1        *page_cnt = 2;
 850   1        return buf;
 851   1        #endif
 852   1      }
 853          uint8_t *u8g2_m_20_16_f(uint8_t *page_cnt)
 854          {
 855   1        #ifdef U8G2_USE_DYNAMIC_ALLOC
                *page_cnt = 16;
C51 COMPILER V9.01   U8G2_D_MEMORY                                                         04/30/2021 10:55:17 PAGE 15  

                return 0;
                #else
 859   1        static uint8_t buf[2560];
 860   1        *page_cnt = 16;
 861   1        return buf;
 862   1        #endif
 863   1      }
 864          uint8_t *u8g2_m_20_13_1(uint8_t *page_cnt)
 865          {
 866   1        #ifdef U8G2_USE_DYNAMIC_ALLOC
                *page_cnt = 1;
                return 0;
                #else
 870   1        static uint8_t buf[160];
 871   1        *page_cnt = 1;
 872   1        return buf;
 873   1        #endif
 874   1      }
 875          uint8_t *u8g2_m_20_13_2(uint8_t *page_cnt)
 876          {
 877   1        #ifdef U8G2_USE_DYNAMIC_ALLOC
                *page_cnt = 2;
                return 0;
                #else
 881   1        static uint8_t buf[320];
 882   1        *page_cnt = 2;
 883   1        return buf;
 884   1        #endif
 885   1      }
 886          uint8_t *u8g2_m_20_13_f(uint8_t *page_cnt)
 887          {
 888   1        #ifdef U8G2_USE_DYNAMIC_ALLOC
                *page_cnt = 13;
                return 0;
                #else
 892   1        static uint8_t buf[2080];
 893   1        *page_cnt = 13;
 894   1        return buf;
 895   1        #endif
 896   1      }
 897          uint8_t *u8g2_m_30_20_1(uint8_t *page_cnt)
 898          {
 899   1        #ifdef U8G2_USE_DYNAMIC_ALLOC
                *page_cnt = 1;
                return 0;
                #else
 903   1        static uint8_t buf[240];
 904   1        *page_cnt = 1;
 905   1        return buf;
 906   1        #endif
 907   1      }
 908          uint8_t *u8g2_m_30_20_2(uint8_t *page_cnt)
 909          {
 910   1        #ifdef U8G2_USE_DYNAMIC_ALLOC
                *page_cnt = 2;
                return 0;
                #else
 914   1        static uint8_t buf[480];
 915   1        *page_cnt = 2;
 916   1        return buf;
 917   1        #endif
 918   1      }
C51 COMPILER V9.01   U8G2_D_MEMORY                                                         04/30/2021 10:55:17 PAGE 16  

 919          uint8_t *u8g2_m_30_20_f(uint8_t *page_cnt)
 920          {
 921   1        #ifdef U8G2_USE_DYNAMIC_ALLOC
                *page_cnt = 20;
                return 0;
                #else
 925   1        static uint8_t buf[4800];
 926   1        *page_cnt = 20;
 927   1        return buf;
 928   1        #endif
 929   1      }
 930          uint8_t *u8g2_m_40_30_1(uint8_t *page_cnt)
 931          {
 932   1        #ifdef U8G2_USE_DYNAMIC_ALLOC
                *page_cnt = 1;
                return 0;
                #else
 936   1        static uint8_t buf[320];
 937   1        *page_cnt = 1;
 938   1        return buf;
 939   1        #endif
 940   1      }
 941          uint8_t *u8g2_m_40_30_2(uint8_t *page_cnt)
 942          {
 943   1        #ifdef U8G2_USE_DYNAMIC_ALLOC
                *page_cnt = 2;
                return 0;
                #else
 947   1        static uint8_t buf[640];
 948   1        *page_cnt = 2;
 949   1        return buf;
 950   1        #endif
 951   1      }
 952          uint8_t *u8g2_m_40_30_f(uint8_t *page_cnt)
 953          {
 954   1        #ifdef U8G2_USE_DYNAMIC_ALLOC
                *page_cnt = 30;
                return 0;
                #else
 958   1        static uint8_t buf[9600];
 959   1        *page_cnt = 30;
 960   1        return buf;
 961   1        #endif
 962   1      }
 963          uint8_t *u8g2_m_17_4_1(uint8_t *page_cnt)
 964          {
 965   1        #ifdef U8G2_USE_DYNAMIC_ALLOC
                *page_cnt = 1;
                return 0;
                #else
 969   1        static uint8_t buf[136];
 970   1        *page_cnt = 1;
 971   1        return buf;
 972   1        #endif
 973   1      }
 974          uint8_t *u8g2_m_17_4_2(uint8_t *page_cnt)
 975          {
 976   1        #ifdef U8G2_USE_DYNAMIC_ALLOC
                *page_cnt = 2;
                return 0;
                #else
 980   1        static uint8_t buf[272];
C51 COMPILER V9.01   U8G2_D_MEMORY                                                         04/30/2021 10:55:17 PAGE 17  

 981   1        *page_cnt = 2;
 982   1        return buf;
 983   1        #endif
 984   1      }
 985          uint8_t *u8g2_m_17_4_f(uint8_t *page_cnt)
 986          {
 987   1        #ifdef U8G2_USE_DYNAMIC_ALLOC
                *page_cnt = 4;
                return 0;
                #else
 991   1        static uint8_t buf[544];
 992   1        *page_cnt = 4;
 993   1        return buf;
 994   1        #endif
 995   1      }
 996          uint8_t *u8g2_m_17_8_1(uint8_t *page_cnt)
 997          {
 998   1        #ifdef U8G2_USE_DYNAMIC_ALLOC
                *page_cnt = 1;
                return 0;
                #else
1002   1        static uint8_t buf[136];
1003   1        *page_cnt = 1;
1004   1        return buf;
1005   1        #endif
1006   1      }
1007          uint8_t *u8g2_m_17_8_2(uint8_t *page_cnt)
1008          {
1009   1        #ifdef U8G2_USE_DYNAMIC_ALLOC
                *page_cnt = 2;
                return 0;
                #else
1013   1        static uint8_t buf[272];
1014   1        *page_cnt = 2;
1015   1        return buf;
1016   1        #endif
1017   1      }
1018          uint8_t *u8g2_m_17_8_f(uint8_t *page_cnt)
1019          {
1020   1        #ifdef U8G2_USE_DYNAMIC_ALLOC
                *page_cnt = 8;
                return 0;
                #else
1024   1        static uint8_t buf[1088];
1025   1        *page_cnt = 8;
1026   1        return buf;
1027   1        #endif
1028   1      }
1029          uint8_t *u8g2_m_48_17_1(uint8_t *page_cnt)
1030          {
1031   1        #ifdef U8G2_USE_DYNAMIC_ALLOC
                *page_cnt = 1;
                return 0;
                #else
1035   1        static uint8_t buf[384];
1036   1        *page_cnt = 1;
1037   1        return buf;
1038   1        #endif
1039   1      }
1040          uint8_t *u8g2_m_48_17_2(uint8_t *page_cnt)
1041          {
1042   1        #ifdef U8G2_USE_DYNAMIC_ALLOC
C51 COMPILER V9.01   U8G2_D_MEMORY                                                         04/30/2021 10:55:17 PAGE 18  

                *page_cnt = 2;
                return 0;
                #else
1046   1        static uint8_t buf[768];
1047   1        *page_cnt = 2;
1048   1        return buf;
1049   1        #endif
1050   1      }
1051          uint8_t *u8g2_m_48_17_f(uint8_t *page_cnt)
1052          {
1053   1        #ifdef U8G2_USE_DYNAMIC_ALLOC
                *page_cnt = 17;
                return 0;
                #else
1057   1        static uint8_t buf[6528];
1058   1        *page_cnt = 17;
1059   1        return buf;
1060   1        #endif
1061   1      }
1062          uint8_t *u8g2_m_32_16_1(uint8_t *page_cnt)
1063          {
1064   1        #ifdef U8G2_USE_DYNAMIC_ALLOC
                *page_cnt = 1;
                return 0;
                #else
1068   1        static uint8_t buf[256];
1069   1        *page_cnt = 1;
1070   1        return buf;
1071   1        #endif
1072   1      }
1073          uint8_t *u8g2_m_32_16_2(uint8_t *page_cnt)
1074          {
1075   1        #ifdef U8G2_USE_DYNAMIC_ALLOC
                *page_cnt = 2;
                return 0;
                #else
1079   1        static uint8_t buf[512];
1080   1        *page_cnt = 2;
1081   1        return buf;
1082   1        #endif
1083   1      }
1084          uint8_t *u8g2_m_32_16_f(uint8_t *page_cnt)
1085          {
1086   1        #ifdef U8G2_USE_DYNAMIC_ALLOC
                *page_cnt = 16;
                return 0;
                #else
1090   1        static uint8_t buf[4096];
1091   1        *page_cnt = 16;
1092   1        return buf;
1093   1        #endif
1094   1      }
1095          uint8_t *u8g2_m_32_20_1(uint8_t *page_cnt)
1096          {
1097   1        #ifdef U8G2_USE_DYNAMIC_ALLOC
                *page_cnt = 1;
                return 0;
                #else
1101   1        static uint8_t buf[256];
1102   1        *page_cnt = 1;
1103   1        return buf;
1104   1        #endif
C51 COMPILER V9.01   U8G2_D_MEMORY                                                         04/30/2021 10:55:17 PAGE 19  

1105   1      }
1106          uint8_t *u8g2_m_32_20_2(uint8_t *page_cnt)
1107          {
1108   1        #ifdef U8G2_USE_DYNAMIC_ALLOC
                *page_cnt = 2;
                return 0;
                #else
1112   1        static uint8_t buf[512];
1113   1        *page_cnt = 2;
1114   1        return buf;
1115   1        #endif
1116   1      }
1117          uint8_t *u8g2_m_32_20_f(uint8_t *page_cnt)
1118          {
1119   1        #ifdef U8G2_USE_DYNAMIC_ALLOC
                *page_cnt = 20;
                return 0;
                #else
1123   1        static uint8_t buf[5120];
1124   1        *page_cnt = 20;
1125   1        return buf;
1126   1        #endif
1127   1      }
1128          uint8_t *u8g2_m_22_13_1(uint8_t *page_cnt)
1129          {
1130   1        #ifdef U8G2_USE_DYNAMIC_ALLOC
                *page_cnt = 1;
                return 0;
                #else
1134   1        static uint8_t buf[176];
1135   1        *page_cnt = 1;
1136   1        return buf;
1137   1        #endif
1138   1      }
1139          uint8_t *u8g2_m_22_13_2(uint8_t *page_cnt)
1140          {
1141   1        #ifdef U8G2_USE_DYNAMIC_ALLOC
                *page_cnt = 2;
                return 0;
                #else
1145   1        static uint8_t buf[352];
1146   1        *page_cnt = 2;
1147   1        return buf;
1148   1        #endif
1149   1      }
1150          uint8_t *u8g2_m_22_13_f(uint8_t *page_cnt)
1151          {
1152   1        #ifdef U8G2_USE_DYNAMIC_ALLOC
                *page_cnt = 13;
                return 0;
                #else
1156   1        static uint8_t buf[2288];
1157   1        *page_cnt = 13;
1158   1        return buf;
1159   1        #endif
1160   1      }
1161          uint8_t *u8g2_m_24_12_1(uint8_t *page_cnt)
1162          {
1163   1        #ifdef U8G2_USE_DYNAMIC_ALLOC
                *page_cnt = 1;
                return 0;
                #else
C51 COMPILER V9.01   U8G2_D_MEMORY                                                         04/30/2021 10:55:17 PAGE 20  

1167   1        static uint8_t buf[192];
1168   1        *page_cnt = 1;
1169   1        return buf;
1170   1        #endif
1171   1      }
1172          uint8_t *u8g2_m_24_12_2(uint8_t *page_cnt)
1173          {
1174   1        #ifdef U8G2_USE_DYNAMIC_ALLOC
                *page_cnt = 2;
                return 0;
                #else
1178   1        static uint8_t buf[384];
1179   1        *page_cnt = 2;
1180   1        return buf;
1181   1        #endif
1182   1      }
1183          uint8_t *u8g2_m_24_12_f(uint8_t *page_cnt)
1184          {
1185   1        #ifdef U8G2_USE_DYNAMIC_ALLOC
                *page_cnt = 12;
                return 0;
                #else
1189   1        static uint8_t buf[2304];
1190   1        *page_cnt = 12;
1191   1        return buf;
1192   1        #endif
1193   1      }
1194          uint8_t *u8g2_m_20_10_1(uint8_t *page_cnt)
1195          {
1196   1        #ifdef U8G2_USE_DYNAMIC_ALLOC
                *page_cnt = 1;
                return 0;
                #else
1200   1        static uint8_t buf[160];
1201   1        *page_cnt = 1;
1202   1        return buf;
1203   1        #endif
1204   1      }
1205          uint8_t *u8g2_m_20_10_2(uint8_t *page_cnt)
1206          {
1207   1        #ifdef U8G2_USE_DYNAMIC_ALLOC
                *page_cnt = 2;
                return 0;
                #else
1211   1        static uint8_t buf[320];
1212   1        *page_cnt = 2;
1213   1        return buf;
1214   1        #endif
1215   1      }
1216          uint8_t *u8g2_m_20_10_f(uint8_t *page_cnt)
1217          {
1218   1        #ifdef U8G2_USE_DYNAMIC_ALLOC
                *page_cnt = 10;
                return 0;
                #else
1222   1        static uint8_t buf[1600];
1223   1        *page_cnt = 10;
1224   1        return buf;
1225   1        #endif
1226   1      }
1227          uint8_t *u8g2_m_22_9_1(uint8_t *page_cnt)
1228          {
C51 COMPILER V9.01   U8G2_D_MEMORY                                                         04/30/2021 10:55:17 PAGE 21  

1229   1        #ifdef U8G2_USE_DYNAMIC_ALLOC
                *page_cnt = 1;
                return 0;
                #else
1233   1        static uint8_t buf[176];
1234   1        *page_cnt = 1;
1235   1        return buf;
1236   1        #endif
1237   1      }
1238          uint8_t *u8g2_m_22_9_2(uint8_t *page_cnt)
1239          {
1240   1        #ifdef U8G2_USE_DYNAMIC_ALLOC
                *page_cnt = 2;
                return 0;
                #else
1244   1        static uint8_t buf[352];
1245   1        *page_cnt = 2;
1246   1        return buf;
1247   1        #endif
1248   1      }
1249          uint8_t *u8g2_m_22_9_f(uint8_t *page_cnt)
1250          {
1251   1        #ifdef U8G2_USE_DYNAMIC_ALLOC
                *page_cnt = 9;
                return 0;
                #else
1255   1        static uint8_t buf[1584];
1256   1        *page_cnt = 9;
1257   1        return buf;
1258   1        #endif
1259   1      }
1260          uint8_t *u8g2_m_25_25_1(uint8_t *page_cnt)
1261          {
1262   1        #ifdef U8G2_USE_DYNAMIC_ALLOC
                *page_cnt = 1;
                return 0;
                #else
1266   1        static uint8_t buf[200];
1267   1        *page_cnt = 1;
1268   1        return buf;
1269   1        #endif
1270   1      }
1271          uint8_t *u8g2_m_25_25_2(uint8_t *page_cnt)
1272          {
1273   1        #ifdef U8G2_USE_DYNAMIC_ALLOC
                *page_cnt = 2;
                return 0;
                #else
1277   1        static uint8_t buf[400];
1278   1        *page_cnt = 2;
1279   1        return buf;
1280   1        #endif
1281   1      }
1282          uint8_t *u8g2_m_25_25_f(uint8_t *page_cnt)
1283          {
1284   1        #ifdef U8G2_USE_DYNAMIC_ALLOC
                *page_cnt = 25;
                return 0;
                #else
1288   1        static uint8_t buf[5000];
1289   1        *page_cnt = 25;
1290   1        return buf;
C51 COMPILER V9.01   U8G2_D_MEMORY                                                         04/30/2021 10:55:17 PAGE 22  

1291   1        #endif
1292   1      }
1293          uint8_t *u8g2_m_37_16_1(uint8_t *page_cnt)
1294          {
1295   1        #ifdef U8G2_USE_DYNAMIC_ALLOC
                *page_cnt = 1;
                return 0;
                #else
1299   1        static uint8_t buf[296];
1300   1        *page_cnt = 1;
1301   1        return buf;
1302   1        #endif
1303   1      }
1304          uint8_t *u8g2_m_37_16_2(uint8_t *page_cnt)
1305          {
1306   1        #ifdef U8G2_USE_DYNAMIC_ALLOC
                *page_cnt = 2;
                return 0;
                #else
1310   1        static uint8_t buf[592];
1311   1        *page_cnt = 2;
1312   1        return buf;
1313   1        #endif
1314   1      }
1315          uint8_t *u8g2_m_37_16_f(uint8_t *page_cnt)
1316          {
1317   1        #ifdef U8G2_USE_DYNAMIC_ALLOC
                *page_cnt = 16;
                return 0;
                #else
1321   1        static uint8_t buf[4736];
1322   1        *page_cnt = 16;
1323   1        return buf;
1324   1        #endif
1325   1      }
1326          uint8_t *u8g2_m_8_1_1(uint8_t *page_cnt)
1327          {
1328   1        #ifdef U8G2_USE_DYNAMIC_ALLOC
                *page_cnt = 1;
                return 0;
                #else
1332   1        static uint8_t buf[64];
1333   1        *page_cnt = 1;
1334   1        return buf;
1335   1        #endif
1336   1      }
1337          uint8_t *u8g2_m_8_1_2(uint8_t *page_cnt)
1338          {
1339   1        #ifdef U8G2_USE_DYNAMIC_ALLOC
                *page_cnt = 2;
                return 0;
                #else
1343   1        static uint8_t buf[128];
1344   1        *page_cnt = 2;
1345   1        return buf;
1346   1        #endif
1347   1      }
1348          uint8_t *u8g2_m_8_1_f(uint8_t *page_cnt)
1349          {
1350   1        #ifdef U8G2_USE_DYNAMIC_ALLOC
                *page_cnt = 1;
                return 0;
C51 COMPILER V9.01   U8G2_D_MEMORY                                                         04/30/2021 10:55:17 PAGE 23  

                #else
1354   1        static uint8_t buf[64];
1355   1        *page_cnt = 1;
1356   1        return buf;
1357   1        #endif
1358   1      }
1359          uint8_t *u8g2_m_4_1_1(uint8_t *page_cnt)
1360          {
1361   1        #ifdef U8G2_USE_DYNAMIC_ALLOC
                *page_cnt = 1;
                return 0;
                #else
1365   1        static uint8_t buf[32];
1366   1        *page_cnt = 1;
1367   1        return buf;
1368   1        #endif
1369   1      }
1370          uint8_t *u8g2_m_4_1_2(uint8_t *page_cnt)
1371          {
1372   1        #ifdef U8G2_USE_DYNAMIC_ALLOC
                *page_cnt = 2;
                return 0;
                #else
1376   1        static uint8_t buf[64];
1377   1        *page_cnt = 2;
1378   1        return buf;
1379   1        #endif
1380   1      }
1381          uint8_t *u8g2_m_4_1_f(uint8_t *page_cnt)
1382          {
1383   1        #ifdef U8G2_USE_DYNAMIC_ALLOC
                *page_cnt = 1;
                return 0;
                #else
1387   1        static uint8_t buf[32];
1388   1        *page_cnt = 1;
1389   1        return buf;
1390   1        #endif
1391   1      }
1392          uint8_t *u8g2_m_1_1_1(uint8_t *page_cnt)
1393          {
1394   1        #ifdef U8G2_USE_DYNAMIC_ALLOC
                *page_cnt = 1;
                return 0;
                #else
1398   1        static uint8_t buf[8];
1399   1        *page_cnt = 1;
1400   1        return buf;
1401   1        #endif
1402   1      }
1403          uint8_t *u8g2_m_1_1_2(uint8_t *page_cnt)
1404          {
1405   1        #ifdef U8G2_USE_DYNAMIC_ALLOC
                *page_cnt = 2;
                return 0;
                #else
1409   1        static uint8_t buf[16];
1410   1        *page_cnt = 2;
1411   1        return buf;
1412   1        #endif
1413   1      }
1414          uint8_t *u8g2_m_1_1_f(uint8_t *page_cnt)
C51 COMPILER V9.01   U8G2_D_MEMORY                                                         04/30/2021 10:55:17 PAGE 24  

1415          {
1416   1        #ifdef U8G2_USE_DYNAMIC_ALLOC
                *page_cnt = 1;
                return 0;
                #else
1420   1        static uint8_t buf[8];
1421   1        *page_cnt = 1;
1422   1        return buf;
1423   1        #endif
1424   1      }
1425          uint8_t *u8g2_m_48_30_1(uint8_t *page_cnt)
1426          {
1427   1        #ifdef U8G2_USE_DYNAMIC_ALLOC
                *page_cnt = 1;
                return 0;
                #else
1431   1        static uint8_t buf[384];
1432   1        *page_cnt = 1;
1433   1        return buf;
1434   1        #endif
1435   1      }
1436          uint8_t *u8g2_m_48_30_2(uint8_t *page_cnt)
1437          {
1438   1        #ifdef U8G2_USE_DYNAMIC_ALLOC
                *page_cnt = 2;
                return 0;
                #else
1442   1        static uint8_t buf[768];
1443   1        *page_cnt = 2;
1444   1        return buf;
1445   1        #endif
1446   1      }
1447          uint8_t *u8g2_m_48_30_f(uint8_t *page_cnt)
1448          {
1449   1        #ifdef U8G2_USE_DYNAMIC_ALLOC
                *page_cnt = 30;
                return 0;
                #else
1453   1        static uint8_t buf[11520];
1454   1        *page_cnt = 30;
1455   1        return buf;
1456   1        #endif
1457   1      }
1458          /* end of generated code */

C51 COMPILATION COMPLETE.  0 WARNING(S),  3 ERROR(S)
